------------------------------------------------------------
Timing Analyzer Summary
------------------------------------------------------------

Type  : Slow 1200mV 85C Model Setup 'clk_50MHz'
Slack : -2.297
TNS   : -51.989

Type  : Slow 1200mV 85C Model Setup 'clk_1Hz'
Slack : -0.703
TNS   : -3.374

Type  : Slow 1200mV 85C Model Hold 'clk_1Hz'
Slack : 0.360
TNS   : 0.000

Type  : Slow 1200mV 85C Model Hold 'clk_50MHz'
Slack : 0.374
TNS   : 0.000

Type  : Slow 1200mV 85C Model Minimum Pulse Width 'clk_50MHz'
Slack : -3.000
TNS   : -29.000

Type  : Slow 1200mV 85C Model Minimum Pulse Width 'clk_1Hz'
Slack : -1.000
TNS   : -8.000

Type  : Slow 1200mV 0C Model Setup 'clk_50MHz'
Slack : -1.996
TNS   : -45.005

Type  : Slow 1200mV 0C Model Setup 'clk_1Hz'
Slack : -0.509
TNS   : -2.254

Type  : Slow 1200mV 0C Model Hold 'clk_1Hz'
Slack : 0.320
TNS   : 0.000

Type  : Slow 1200mV 0C Model Hold 'clk_50MHz'
Slack : 0.333
TNS   : 0.000

Type  : Slow 1200mV 0C Model Minimum Pulse Width 'clk_50MHz'
Slack : -3.000
TNS   : -29.000

Type  : Slow 1200mV 0C Model Minimum Pulse Width 'clk_1Hz'
Slack : -1.000
TNS   : -8.000

Type  : Fast 1200mV 0C Model Setup 'clk_50MHz'
Slack : -0.825
TNS   : -16.831

Type  : Fast 1200mV 0C Model Setup 'clk_1Hz'
Slack : 0.046
TNS   : 0.000

Type  : Fast 1200mV 0C Model Hold 'clk_1Hz'
Slack : 0.193
TNS   : 0.000

Type  : Fast 1200mV 0C Model Hold 'clk_50MHz'
Slack : 0.196
TNS   : 0.000

Type  : Fast 1200mV 0C Model Minimum Pulse Width 'clk_50MHz'
Slack : -3.000
TNS   : -30.521

Type  : Fast 1200mV 0C Model Minimum Pulse Width 'clk_1Hz'
Slack : -1.000
TNS   : -8.000

------------------------------------------------------------
